---
source: tests/comments.rs
expression: ast
---
Ast {
    tree_type: Empty,
    nodes: [],
}
