---
source: tests/comments.rs
expression: dom
---
{
  "treeType": "empty"
}
