---
source: tests/document_empty.rs
expression: ast
---
Ast {
    tree_type: Empty,
    nodes: [],
}
