---
source: tests/document_fragment.rs
expression: ast
---
{
  "treeType": "documentFragment",
  "nodes": [
    {
      "text": "hello"
    },
    {
      "element": {
        "name": "div",
        "variant": "void",
        "attributes": {},
        "nodes": []
      }
    }
  ]
}
