---
source: tests/element_attributes.rs
expression: ast
---
{
  "treeType": "documentFragment",
  "nodes": [
    {
      "element": {
        "name": "div",
        "variant": "void",
        "attributes": {
          "cat": "mjau mjau"
        },
        "nodes": []
      }
    }
  ]
}
