---
source: tests/element_attributes.rs
expression: ast
---
{
  "treeType": "documentFragment",
  "nodes": [
    {
      "element": {
        "id": "a",
        "name": "img",
        "variant": "void",
        "attributes": {},
        "classes": [],
        "nodes": []
      }
    }
  ]
}
