---
source: tests/element_attributes.rs
expression: ast
---
{
  "treeType": "documentFragment",
  "nodes": [
    {
      "element": {
        "id": "one",
        "name": "div",
        "variant": "normal",
        "attributes": {},
        "classes": [],
        "nodes": []
      }
    }
  ]
}
