---
source: tests/element_attributes.rs
expression: ast
---
{
  "treeType": "documentFragment",
  "nodes": [
    {
      "element": {
        "name": "div",
        "variant": "normal",
        "attributes": {
          "ape": "oh",
          "cat": "mjau",
          "dog": "woff"
        },
        "nodes": []
      }
    }
  ]
}
