---
source: tests/element.rs
expression: dom
---
{
  "treeType": "document",
  "nodes": [
    {
      "name": "Html",
      "variant": "normal"
    }
  ]
}
