---
source: tests/element_attributes.rs
expression: dom
---
{
  "treeType": "documentFragment",
  "nodes": [
    {
      "name": "div",
      "variant": "void",
      "attributes": {
        "cat": "mjau mjau"
      }
    }
  ]
}
