---
source: tests/element.rs
expression: ast
---
{
  "treeType": "documentFragment",
  "nodes": [
    {
      "element": {
        "id": null,
        "name": "Head_Er-1",
        "variant": "normal",
        "attributes": {},
        "classes": [],
        "nodes": []
      }
    }
  ]
}
