---
source: tests/element_attributes.rs
expression: ast
---
{
  "treeType": "documentFragment",
  "nodes": [
    {
      "element": {
        "id": null,
        "name": "div",
        "variant": "normal",
        "attributes": {
          "data-cat": "morris"
        },
        "classes": [],
        "nodes": []
      }
    }
  ]
}
