---
source: tests/text.rs
expression: ast
---
{
  "treeType": "documentFragment",
  "nodes": [
    {
      "text": "hello world\nhere's another line for you!\nThe end"
    }
  ]
}
