---
source: tests/text.rs
expression: ast
---
Ast {
    tree_type: DocumentFragment,
    nodes: [
        Text(
            "hello world",
        ),
    ],
}
